../Core/Src/main.c:90:5:main	8	static
../Core/Src/main.c:146:6:SystemClock_Config	88	static
../Core/Src/main.c:197:13:MX_ADC1_Init	24	static
../Core/Src/main.c:246:13:MX_TIM3_Init	48	static
../Core/Src/main.c:293:13:MX_TIM4_Init	48	static
../Core/Src/main.c:340:13:MX_USART2_UART_Init	8	static
../Core/Src/main.c:371:13:MX_GPIO_Init	48	static
../Core/Src/main.c:423:6:ADC_Select_Channel	32	static
../Core/Src/main.c:456:5:analogRead	24	static
../Core/Src/main.c:468:5:readSensor	24	static
../Core/Src/main.c:495:6:wheel	16	static
../Core/Src/main.c:539:6:analogWrite1	24	static
../Core/Src/main.c:547:6:analogWrite2	24	static
../Core/Src/main.c:555:6:line_follow	24	static
../Core/Src/main.c:582:6:Error_Handler	4	static,ignoring_inline_asm
