../Core/Src/main.c:90:5:main	8	static
../Core/Src/main.c:138:6:SystemClock_Config	88	static
../Core/Src/main.c:189:13:MX_ADC1_Init	24	static
../Core/Src/main.c:238:13:MX_TIM3_Init	48	static
../Core/Src/main.c:285:13:MX_TIM4_Init	48	static
../Core/Src/main.c:332:13:MX_USART2_UART_Init	8	static
../Core/Src/main.c:363:13:MX_GPIO_Init	48	static
../Core/Src/main.c:415:6:ADC_Select_Channel	32	static
../Core/Src/main.c:448:5:analogRead	24	static
../Core/Src/main.c:460:5:readSensor	24	static
../Core/Src/main.c:487:6:wheel	16	static
../Core/Src/main.c:531:6:analogWrite1	24	static
../Core/Src/main.c:539:6:analogWrite2	24	static
../Core/Src/main.c:547:6:line_follow	24	static
../Core/Src/main.c:574:6:Error_Handler	4	static,ignoring_inline_asm
