../Core/Src/main.c:90:5:main	8	static
../Core/Src/main.c:258:6:SystemClock_Config	88	static
../Core/Src/main.c:309:13:MX_TIM3_Init	48	static
../Core/Src/main.c:356:13:MX_TIM4_Init	48	static
../Core/Src/main.c:403:13:MX_USART2_UART_Init	8	static
../Core/Src/main.c:434:13:MX_GPIO_Init	48	static
../Core/Src/main.c:486:6:wheel	16	static
../Core/Src/main.c:530:6:analogWrite1	24	static
../Core/Src/main.c:538:6:analogWrite2	24	static
../Core/Src/main.c:546:6:right	8	static
../Core/Src/main.c:550:6:left	8	static
../Core/Src/main.c:554:6:backward	8	static
../Core/Src/main.c:558:6:forward	8	static
../Core/Src/main.c:562:6:stopo	8	static
../Core/Src/main.c:566:6:forward_left	8	static
../Core/Src/main.c:570:6:forward_right	8	static
../Core/Src/main.c:574:6:back_left	8	static
../Core/Src/main.c:578:6:back_right	8	static
../Core/Src/main.c:588:6:Error_Handler	4	static,ignoring_inline_asm
