00:59:03 **** Incremental Build of configuration Debug for project line_follower_code ****
make -j4 all 
arm-none-eabi-gcc "../Core/Src/main.c" -mcpu=cortex-m4 -std=gnu11 -g3 -DDEBUG -DUSE_HAL_DRIVER -DSTM32F446xx -c -I../Core/Inc -I../Drivers/STM32F4xx_HAL_Driver/Inc -I../Drivers/STM32F4xx_HAL_Driver/Inc/Legacy -I../Drivers/CMSIS/Device/ST/STM32F4xx/Include -I../Drivers/CMSIS/Include -O0 -ffunction-sections -fdata-sections -Wall -fstack-usage -fcyclomatic-complexity -MMD -MP -MF"Core/Src/main.d" -MT"Core/Src/main.o" --specs=nano.specs -mfpu=fpv4-sp-d16 -mfloat-abi=hard -mthumb -o "Core/Src/main.o"
../Core/Src/main.c: In function 'wheel':
../Core/Src/main.c:535:15: warning: implicit declaration of function 'abs' [-Wimplicit-function-declaration]
  535 |  analogWrite1(abs(rm));
      |               ^~~
arm-none-eabi-gcc -o "line_follower_code.elf" @"objects.list"   -mcpu=cortex-m4 -T"C:\Users\IftekharulAlam\STM32CubeIDE\workspace_1.12.1\line_follower_code\STM32F446RETX_FLASH.ld" --specs=nosys.specs -Wl,-Map="line_follower_code.map" -Wl,--gc-sections -static --specs=nano.specs -mfpu=fpv4-sp-d16 -mfloat-abi=hard -mthumb -Wl,--start-group -lc -lm -Wl,--end-group
Finished building target: line_follower_code.elf
 
arm-none-eabi-size   line_follower_code.elf 
arm-none-eabi-objdump -h -S  line_follower_code.elf  > "line_follower_code.list"
   text	   data	    bss	    dec	    hex	filename
  15372	     80	   1904	  17356	   43cc	line_follower_code.elf
Finished building: default.size.stdout
 
Finished building: line_follower_code.list
 

00:59:04 Build Finished. 0 errors, 1 warnings. (took 1s.16ms)

