20:40:28 **** Incremental Build of configuration Debug for project timer_example_bluepill ****
make -j4 all 
arm-none-eabi-gcc "../Core/Src/main.c" -mcpu=cortex-m3 -std=gnu11 -g3 -DDEBUG -DUSE_HAL_DRIVER -DSTM32F103xB -c -I../Core/Inc -I../Drivers/STM32F1xx_HAL_Driver/Inc/Legacy -I../Drivers/STM32F1xx_HAL_Driver/Inc -I../Drivers/CMSIS/Device/ST/STM32F1xx/Include -I../Drivers/CMSIS/Include -O0 -ffunction-sections -fdata-sections -Wall -fstack-usage -MMD -MP -MF"Core/Src/main.d" -MT"Core/Src/main.o" --specs=nano.specs -mfloat-abi=soft -mthumb -o "Core/Src/main.o"
arm-none-eabi-gcc -o "timer_example_bluepill.elf" @"objects.list"   -mcpu=cortex-m3 -T"C:\Users\IftekharulAlam\STM32CubeIDE\workspace_1.11.2\timer_example_bluepill\STM32F103C8TX_FLASH.ld" --specs=nosys.specs -Wl,-Map="timer_example_bluepill.map" -Wl,--gc-sections -static --specs=nano.specs -mfloat-abi=soft -mthumb -Wl,--start-group -lc -lm -Wl,--end-group
Finished building target: timer_example_bluepill.elf
 
arm-none-eabi-size   timer_example_bluepill.elf 
arm-none-eabi-objdump -h -S  timer_example_bluepill.elf  > "timer_example_bluepill.list"
   text	   data	    bss	    dec	    hex	filename
   6952	     20	   1644	   8616	   21a8	timer_example_bluepill.elf
Finished building: default.size.stdout
 
Finished building: timer_example_bluepill.list
 

20:40:28 Build Finished. 0 errors, 0 warnings. (took 837ms)

