01:55:17 **** Incremental Build of configuration Debug for project uart_rs232_bluepill_code ****
make -j4 all 
arm-none-eabi-gcc "../Core/Src/main.c" -mcpu=cortex-m3 -std=gnu11 -g3 -DDEBUG -DUSE_HAL_DRIVER -DSTM32F103xB -c -I../Core/Inc -I../Drivers/STM32F1xx_HAL_Driver/Inc/Legacy -I../Drivers/STM32F1xx_HAL_Driver/Inc -I../Drivers/CMSIS/Device/ST/STM32F1xx/Include -I../Drivers/CMSIS/Include -O0 -ffunction-sections -fdata-sections -Wall -fstack-usage -MMD -MP -MF"Core/Src/main.d" -MT"Core/Src/main.o" --specs=nano.specs -mfloat-abi=soft -mthumb -o "Core/Src/main.o"
arm-none-eabi-g++ -o "uart_rs232_bluepill_code.elf" @"objects.list"   -mcpu=cortex-m3 -T"C:\Users\IftekharulAlam\STM32CubeIDE\workspace_1.11.2\uart_rs232_bluepill_code\STM32F103C8TX_FLASH.ld" --specs=nosys.specs -Wl,-Map="uart_rs232_bluepill_code.map" -Wl,--gc-sections -static --specs=nano.specs -mfloat-abi=soft -mthumb -Wl,--start-group -lc -lm -lstdc++ -lsupc++ -Wl,--end-group
Finished building target: uart_rs232_bluepill_code.elf
 
arm-none-eabi-size   uart_rs232_bluepill_code.elf 
arm-none-eabi-objdump -h -S  uart_rs232_bluepill_code.elf  > "uart_rs232_bluepill_code.list"
   text	   data	    bss	    dec	    hex	filename
   6300	     20	   1708	   8028	   1f5c	uart_rs232_bluepill_code.elf
Finished building: default.size.stdout
 
Finished building: uart_rs232_bluepill_code.list
 

01:55:18 Build Finished. 0 errors, 0 warnings. (took 714ms)

